// Jest Snapshot v1, https://goo.gl/fbAQLP

exports[`Header should render Header block 1`] = `
Array [
  " ",
  <form
    className="sc-gsTCUz hTZCLJ"
  >
    <input
      className="sc-dlfnbm ioFdWY"
      onChange={[Function]}
      placeholder="Поиск"
      type="text"
    />
    <button
      className="sc-hKgILt fzCSQO"
      name="find-button"
      onClick={[Function]}
      type="submit"
    >
      Найти
    </button>
    <button
      className="sc-hKgILt fzCSQO"
      id="new-person"
      onClick={[Function]}
      type="button"
    >
      Добавить
    </button>
  </form>,
]
`;
